filepath: ""
helmfiles:
- path: helmfiles/jx-production/helmfile.yaml
templates: {}
renderedvalues: {}
